---
source: tests/cli_flow.rs
expression: out
---
{
  "activation_event": null,
  "agent": "coord1",
  "events": [
    {
      "agent": "coord1",
      "data": {
        "display_name": "Coordinator One",
        "primary_role": "coordinator",
        "purpose": "bootstraps the bus"
      },
      "id": "coord1:0",
      "kind": "agent.registered",
      "observed": {
        "entries": {},
        "kind": "sparse",
        "roster_epoch": "[hash]"
      },
      "refs": [],
      "seq": 0,
      "time": "[time]",
      "v": 2
    }
  ]
}
