---
source: src/commands.rs
expression: agent_summary(&ag)
---
{
  "active": false,
  "agent": "bob",
  "display_name": "bob",
  "model": "sonnet",
  "plan": {
    "risks": [
      "might be late"
    ],
    "steps": [
      {
        "id": "s1",
        "state": "active",
        "text": "do the thing"
      }
    ],
    "summary": "ship it"
  },
  "primary_role": "implementor",
  "product_branch": "refs/heads/agent/bob/x",
  "product_commit": "0000000000000000000000000000000000000007",
  "provider": "anthropic",
  "purpose": "purpose",
  "retired": true,
  "scope": {
    "base_code_commit": "0000000000000000000000000000000000000001",
    "depends_on": [],
    "exclusive": [
      "Grass/Bob/**"
    ],
    "exports": [],
    "note": "",
    "shared": [
      "Grass/Shared/**"
    ]
  },
  "status": "blocked"
}
