---
source: src/commands.rs
expression: "inbox_items(&state, &alice)"
---
[
  {
    "id": "bob:0",
    "kind": "issue",
    "summary": "summary"
  },
  {
    "id": "bob:1",
    "interface": "iface",
    "kind": "dependency"
  },
  {
    "id": "bob:2",
    "kind": "handoff",
    "summary": "s"
  },
  {
    "id": "bob:3",
    "kind": "review",
    "summary": "review me"
  }
]
